src/pages/admin/AddGuardian.tsx(2,63): error TS6133: 'Home' is declared but its value is never read.
src/pages/admin/AddGuardian.tsx(8,18): error TS6133: 'setStep' is declared but its value is never read.
src/pages/admin/AuthorizationRules.tsx(2,86): error TS6133: 'Home' is declared but its value is never read.
src/pages/admin/PickupHistory.tsx(4,31): error TS6133: 'FileText' is declared but its value is never read.
src/pages/admin/PickupHistory.tsx(5,39): error TS6133: 'ArrowRight' is declared but its value is never read.
src/pages/admin/PickupHistory.tsx(24,23): error TS6133: 'setStartDate' is declared but its value is never read.
src/pages/admin/PickupHistory.tsx(25,21): error TS6133: 'setEndDate' is declared but its value is never read.
src/pages/admin/SecurityAuditLog.tsx(5,22): error TS6133: 'ChevronDown' is declared but its value is never read.
src/pages/admin/SecurityAuditLog.tsx(5,35): error TS6133: 'MoreHorizontal' is declared but its value is never read.
src/pages/admin/SecurityAuditLog.tsx(6,11): error TS6133: 'User' is declared but its value is never read.
src/pages/admin/StudentManagement.tsx(235,36): error TS2339: Property 'id' does not exist on type 'any[]'.
src/pages/admin/StudentManagement.tsx(236,47): error TS2339: Property 'nome_completo' does not exist on type 'any[]'.
src/pages/admin/StudentManagement.tsx(237,37): error TS2339: Property 'cpf' does not exist on type 'any[]'.
src/pages/admin/StudentManagement.tsx(238,42): error TS2339: Property 'telefone' does not exist on type 'any[]'.
src/pages/admin/SystemSettings.tsx(4,26): error TS6133: 'Key' is declared but its value is never read.
src/pages/admin/SystemSettings.tsx(4,31): error TS6133: 'Mail' is declared but its value is never read.
src/pages/admin/SystemSettings.tsx(4,37): error TS6133: 'Smartphone' is declared but its value is never read.
src/pages/admin/SystemSettings.tsx(5,5): error TS6133: 'Clock' is declared but its value is never read.
src/pages/admin/SystemSettings.tsx(5,30): error TS6133: 'Check' is declared but its value is never read.
