src/pages/parent/Login.tsx(4,50): error TS6133: 'Search' is declared but its value is never read.
src/pages/parent/PickupStatus.tsx(6,5): error TS6133: 'Clock' is declared but its value is never read.
src/pages/parent/PickupStatus.tsx(7,5): error TS6133: 'ArrowRight' is declared but its value is never read.
src/pages/parent/PickupStatus.tsx(19,5): error TS6133: 'AlertTriangle' is declared but its value is never read.
